Microchip MPLAB XC8 Compiler V1.45 ()

Linker command line:

-W-3 --edf=/Applications/microchip/xc8/v1.45/dat/en_msgs.txt -cs \
  -h+dist/10F222/production/10f222_test.production.sym \
  --cmf=dist/10F222/production/10f222_test.production.cmf -z -Q10F222 \
  -o/tmp/xc3nSr32u -Mdist/10F222/production/10f222_test.production.map -E1 \
  -ver=XC8 -ASTACK=017h-01bh -pstack=STACK -ACODE=00h-01FEh \
  -ASTRCODE=00h-01FEh -ASTRING=00h-0FFh -AENTRY=00h-0FFh-01FEh \
  -ABANK0=09h-01Dh -ARAM=09h-01Dh -AABS1=09h-01Fh -ACOMMON=01Ch-01Fh \
  -ASFR0=00h-08h \
  -preset_vec=01ffh,reset_wrap=0h,init,end_init,cinit,clrtext \
  -ppowerup=CODE -pfunctab=ENTRY -ACONFIG=0FFFh-0FFFh -pconfig=CONFIG \
  -DCONFIG=2 -AIDLOC=0200h-0203h -pidloc=IDLOC -DIDLOC=2 -pstrings=-STRING \
  -DCODE=2 -DSTRCODE=2 -DSTRING=2 -DCONST=2 -DENTRY=2 -k /tmp/xc61PKsCL.obj \
  dist/10F222/production/10f222_test.production.obj 

Object code version is 3.11

Machine type is 10F222



                Name                               Link     Load   Length Selector   Space Scale
/tmp/xc61PKsCL.obj
                end_init                              0        0        1        0       0
                reset_vec                           1FF      1FF        1      3FE       0
                config                              FFF      FFF        1     1FFE       0
dist/10F222/production/10f222_test.production.obj
                cinit                                 1        1        2        0       0
                text2                               16F      16F       21      2DE       0
                jmp_tab                               3        3        2        0       0
                text1                               190      190       25      320       0
                maintext                            1B5      1B5       4A      36A       0
                cstackBANK0                           9        9        E        9       1

TOTAL           Name                               Link     Load   Length     Space
        CLASS   STACK          

        CLASS   CODE           
                reset_vec                           1FF      1FF        1         0
                text2                               16F      16F       21         0
                text1                               190      190       25         0
                maintext                            1B5      1B5       4A         0

        CLASS   STRCODE        

        CLASS   STRING         

        CLASS   ENTRY          
                end_init                              0        0        1         0
                cinit                                 1        1        2         0
                jmp_tab                               3        3        2         0

        CLASS   BANK0          
                cstackBANK0                           9        9        E         1

        CLASS   RAM            

        CLASS   ABS1           
                abs_s1                               1C       1C        4         1

        CLASS   COMMON         

        CLASS   SFR0           

        CLASS   CONFIG         
                config                              FFF      FFF        1         0

        CLASS   IDLOC          

        CLASS   CONST          



SEGMENTS        Name                           Load    Length   Top    Selector   Space  Class     Delta

                reset_wrap                     000000  000005  000005         0       0  ENTRY       2
                cstackBANK0                    000009  00000E  000017         9       1  BANK0       1
                text2                          00016F  000021  000190       2DE       0  CODE        2
                text1                          000190  000025  0001B5       320       0  CODE        2
                maintext                       0001B5  00004A  0001FF       36A       0  CODE        2
                reset_vec                      0001FF  000001  000200       3FE       0  CODE        2
                config                         000FFF  000001  001000      1FFE       0  CONFIG      2


UNUSED ADDRESS RANGES

        Name                Unused          Largest block    Delta
        BANK0            0017-001B              5           1
        CODE             0005-016E            16A           2
        ENTRY            0005-00FF+006F         FB           2
        IDLOC            0200-0203              4           2
        RAM              0017-001B              5           1
        SFR0             0000-0008              9           1
        STACK            0017-001B              5           1
        STRCODE          0005-016E            16A           2
        STRING           0005-00FF             FB           2

                                  Symbol Table

?___wmul                 cstackBANK0  0009
Delay_ms@DELAY_CNT       cstackBANK0  000F
Delay_ms@i               cstackBANK0  0013
_Delay_ms                text2        016F
_GP0                     (abs)        0030
_GP1                     (abs)        0031
_GP2                     (abs)        0032
_GP3                     (abs)        0033
_OPTION                  (abs)        0000
_TRISGPIO                (abs)        0006
__CFG_CP$OFF             (abs)        0000
__CFG_IOSCFS$8MHZ        (abs)        0000
__CFG_MCLRE$OFF          (abs)        0000
__CFG_MCPU$OFF           (abs)        0000
__CFG_WDTE$OFF           (abs)        0000
__Habs1                  abs1         0000
__Hbank0                 bank0        0000
__Hcinit                 cinit        0003
__Hclrtext               clrtext      0003
__Hcode                  code         0000
__Hcommon                common       0000
__Hconfig                config       1000
__HcstackBANK0           cstackBANK0  0000
__HcstackCOMMON          cstackCOMMON 0000
__Hend_init              end_init     0001
__Hfunctab               functab      0000
__Hidloc                 idloc        0000
__Hinit                  init         0000
__Hjmp_tab               jmp_tab      0000
__Hmaintext              maintext     0000
__Hpowerup               powerup      0000
__Hram                   ram          0000
__Hreset_vec             reset_vec    0200
__Hreset_wrap            reset_wrap   0000
__Hsfr0                  sfr0         0000
__Hspace_0               (abs)        1000
__Hspace_1               (abs)        0017
__Hspace_2               (abs)        0000
__Hstack                 stack        0000
__Hstrings               strings      0000
__Htext                  text         0000
__Labs1                  abs1         0000
__Lbank0                 bank0        0000
__Lcinit                 cinit        0001
__Lclrtext               clrtext      0003
__Lcode                  code         0000
__Lcommon                common       0000
__Lconfig                config       0FFF
__LcstackBANK0           cstackBANK0  0000
__LcstackCOMMON          cstackCOMMON 0000
__Lend_init              end_init     0000
__Lfunctab               functab      0000
__Lidloc                 idloc        0000
__Linit                  init         0000
__Ljmp_tab               jmp_tab      0000
__Lmaintext              maintext     0000
__Lpowerup               powerup      0000
__Lram                   ram          0000
__Lreset_vec             reset_vec    01FF
__Lreset_wrap            reset_wrap   0000
__Lsfr0                  sfr0         0000
__Lspace_0               (abs)        0000
__Lspace_1               (abs)        0000
__Lspace_2               (abs)        0000
__Lstack                 stack        0000
__Lstrings               strings      0000
__Ltext                  text         0000
__S0                     (abs)        1000
__S1                     (abs)        0017
__S2                     (abs)        0000
___int_sp                stack        0000
___latbits               (abs)        0000
___sp                    stack        0000
___wmul                  text1        0190
___wmul@multiplicand     cstackBANK0  000B
___wmul@multiplier       cstackBANK0  0009
___wmul@product          cstackBANK0  000D
__end_of_Delay_ms        text2        0190
__end_of___wmul          text1        01B5
__end_of__initialization cinit        0001
__end_of_main            maintext     01FF
__initialization         cinit        0001
__pcstackBANK0           cstackBANK0  0009
__pcstackCOMMON          cstackCOMMON 0000
__pjmp_tab               jmp_tab      0003
__pmaintext              maintext     01B5
__ptext1                 text1        0190
__ptext2                 text2        016F
__size_of_Delay_ms       (abs)        0000
__size_of___wmul         (abs)        0000
__size_of_main           (abs)        0000
_main                    maintext     01B5
btemp                    (abs)        001C
end_of_initialization    cinit        0001
entry__Delay_ms          jmp_tab      0004
entry____wmul            jmp_tab      0003
ltemp0                   (abs)        001C
main@SELECT              cstackBANK0  0015
reset_vec                reset_vec    01FF
stackhi                  (abs)        0000
stacklo                  (abs)        0000
start                    init         0000
start_initialization     cinit        0001
ttemp0                   (abs)        001C
wtemp0                   (abs)        001C
wtemp1                   (abs)        001E


FUNCTION INFORMATION:

 *************** function _main *****************
 Defined at:
		line 21 in file "main_fan.c"
 Parameters:    Size  Location     Type
		None
 Auto vars:     Size  Location     Type
  SELECT          2   12[BANK0 ] int 
 Return value:  Size  Location     Type
                  1   24[None  ] void 
 Registers used:
		wreg, fsr0l, fsr0h, status,2, status,0, btemp+0, btemp+1, btemp+2, btemp+3, pclath, cstack
 Tracked objects:
		On entry : 
		On exit  : 
		Unchanged: 
 Data sizes:     COMMON   BANK0
      Params:         0       0
      Locals:         0       2
      Temps:          0       0
      Totals:         0       2
Total ram usage:        2 bytes
 Hardware stack levels required when called:    1
 This function calls:
		_Delay_ms
		___wmul
 This function is called by:
		Startup code after reset
 This function uses a non-reentrant model


 *************** function ___wmul *****************
 Defined at:
		line 15 in file "/Applications/microchip/xc8/v1.45/sources/common/Umul16.c"
 Parameters:    Size  Location     Type
  multiplier      2    0[BANK0 ] unsigned int 
  multiplicand    2    2[BANK0 ] unsigned int 
 Auto vars:     Size  Location     Type
  product         2    4[BANK0 ] unsigned int 
 Return value:  Size  Location     Type
                  2    0[BANK0 ] unsigned int 
 Registers used:
		wreg, fsr0l, fsr0h, status,2, status,0, btemp+0, btemp+1
 Tracked objects:
		On entry : 
		On exit  : 
		Unchanged: 
 Data sizes:     COMMON   BANK0
      Params:         0       4
      Locals:         0       2
      Temps:          0       0
      Totals:         0       6
Total ram usage:        6 bytes
 Hardware stack levels used:    1
 This function calls:
		Nothing
 This function is called by:
		_main
 This function uses a non-reentrant model


 *************** function _Delay_ms *****************
 Defined at:
		line 15 in file "main_fan.c"
 Parameters:    Size  Location     Type
  DELAY_CNT       2    6[BANK0 ] unsigned int 
 Auto vars:     Size  Location     Type
  i               2   10[BANK0 ] unsigned int 
 Return value:  Size  Location     Type
                  1    6[BANK0 ] void 
 Registers used:
		wreg, fsr0l, fsr0h, status,2, btemp+0, btemp+1
 Tracked objects:
		On entry : 
		On exit  : 
		Unchanged: 
 Data sizes:     COMMON   BANK0
      Params:         0       2
      Locals:         0       2
      Temps:          0       2
      Totals:         0       6
Total ram usage:        6 bytes
 Hardware stack levels used:    1
 This function calls:
		Nothing
 This function is called by:
		_main
 This function uses a non-reentrant model



MODULE INFORMATION

Module		Function		Class		Link	Load	Size
main_fan.c
		_main          		CODE           	01B5	0000	75
		_Delay_ms      		CODE           	016F	0000	34

main_fan.c estimated size: 109

/Applications/microchip/xc8/v1.45/sources/common/Umul16.c
		___wmul        		CODE           	0190	0000	38

/Applications/microchip/xc8/v1.45/sources/common/Umul16.c estimated size: 38

shared
		__initialization		ENTRY          	0001	0000	1

shared estimated size: 1

